Making all in src
make[1]: Entering directory '/home/joe/src/sleepybishop/emane/src'
Making all in libemane
make[2]: Entering directory '/home/joe/src/sleepybishop/emane/src/libemane'
make  all-am
make[3]: Entering directory '/home/joe/src/sleepybishop/emane/src/libemane'
make[3]: Nothing to be done for 'all-am'.
make[3]: Leaving directory '/home/joe/src/sleepybishop/emane/src/libemane'
make[2]: Leaving directory '/home/joe/src/sleepybishop/emane/src/libemane'
Making all in libemanexmlparser
make[2]: Entering directory '/home/joe/src/sleepybishop/emane/src/libemanexmlparser'
make[2]: Nothing to be done for 'all'.
make[2]: Leaving directory '/home/joe/src/sleepybishop/emane/src/libemanexmlparser'
Making all in agents
make[2]: Entering directory '/home/joe/src/sleepybishop/emane/src/agents'
Making all in gpsdlocation
make[3]: Entering directory '/home/joe/src/sleepybishop/emane/src/agents/gpsdlocation'
make  all-am
make[4]: Entering directory '/home/joe/src/sleepybishop/emane/src/agents/gpsdlocation'
make[4]: Nothing to be done for 'all-am'.
make[4]: Leaving directory '/home/joe/src/sleepybishop/emane/src/agents/gpsdlocation'
make[3]: Leaving directory '/home/joe/src/sleepybishop/emane/src/agents/gpsdlocation'
make[3]: Entering directory '/home/joe/src/sleepybishop/emane/src/agents'
make[3]: Nothing to be done for 'all-am'.
make[3]: Leaving directory '/home/joe/src/sleepybishop/emane/src/agents'
make[2]: Leaving directory '/home/joe/src/sleepybishop/emane/src/agents'
Making all in applications
make[2]: Entering directory '/home/joe/src/sleepybishop/emane/src/applications'
Making all in emane
make[3]: Entering directory '/home/joe/src/sleepybishop/emane/src/applications/emane'
/bin/sh ../../../libtool  --tag=CXX   --mode=link g++ -std=c++17  -g -O3 -Wall -Wextra  -lpthread -ldl -o emane emane-emane.o emane-nemdirector.o ../../../src/libemane/.libs/libemane.la ../../../src/libemanexmlparser/.libs/libemanexmlparser.la 
libtool: link: g++ -std=c++17 -g -O3 -Wall -Wextra -o .libs/emane emane-emane.o emane-nemdirector.o  ../../../src/libemane/.libs/libemane.so -lrt -lxml2 -lprotobuf -luuid ../../../src/libemanexmlparser/.libs/libemanexmlparser.so -lpthread -ldl -Wl,-rpath -Wl,/usr/local/lib
/usr/bin/ld: ../../../src/libemane/.libs/libemane.so: undefined reference to `EMANE::NEMLayerStateDestroyed::NEMLayerStateDestroyed()'
/usr/bin/ld: ../../../src/libemane/.libs/libemane.so: undefined reference to `emane_rs_controls_transmitter_clone'
/usr/bin/ld: ../../../src/libemane/.libs/libemane.so: undefined reference to `emane_rs_controls_spectrum_filter_data_destroy'
/usr/bin/ld: ../../../src/libemane/.libs/libemane.so: undefined reference to `EMANE::NEMLayerState::processTimedEvent(EMANE::NEMStatefulLayer*, EMANE::NEMLayer*, unsigned long, std::chrono::time_point<std::chrono::_V2::system_clock, std::chrono::duration<long, std::ratio<1l, 1000000000l> > > const&, std::chrono::time_point<std::chrono::_V2::system_clock, std::chrono::duration<long, std::ratio<1l, 1000000000l> > > const&, std::chrono::time_point<std::chrono::_V2::system_clock, std::chrono::duration<long, std::ratio<1l, 1000000000l> > > const&, void const*)'
/usr/bin/ld: ../../../src/libemane/.libs/libemane.so: undefined reference to `EMANE::NEMLayerStateInitialized::handleConfigure(EMANE::NEMStatefulLayer*, EMANE::NEMLayer*, std::vector<std::pair<std::__cxx11::basic_string<char, std::char_traits<char>, std::allocator<char> >, std::vector<EMANE::Any, std::allocator<EMANE::Any> > >, std::allocator<std::pair<std::__cxx11::basic_string<char, std::char_traits<char>, std::allocator<char> >, std::vector<EMANE::Any, std::allocator<EMANE::Any> > > > > const&)'
/usr/bin/ld: ../../../src/libemane/.libs/libemane.so: undefined reference to `EMANE::NEMLayerState::handleStart(EMANE::NEMStatefulLayer*, EMANE::NEMLayer*)'
/usr/bin/ld: ../../../src/libemane/.libs/libemane.so: undefined reference to `emane_c_receive_processor_add_receive_power'
/usr/bin/ld: ../../../src/libemane/.libs/libemane.so: undefined reference to `emane_spectrum_filter_add_control_message_clone'
/usr/bin/ld: ../../../src/libemane/.libs/libemane.so: undefined reference to `emane_c_receive_processor_set_gain_cache_hit'
/usr/bin/ld: ../../../src/libemane/.libs/libemane.so: undefined reference to `emane_controls_serialized_create'
/usr/bin/ld: ../../../src/libemane/.libs/libemane.so: undefined reference to `emane_spectrum_filter_add_control_message_get_filter_index'
/usr/bin/ld: ../../../src/libemane/.libs/libemane.so: undefined reference to `emane_ota_transmitter_control_message_clone'
/usr/bin/ld: ../../../src/libemane/.libs/libemane.so: undefined reference to `EMANE::NEMLayerStateRunning::processTimedEvent(EMANE::NEMStatefulLayer*, EMANE::NEMLayer*, unsigned long, std::chrono::time_point<std::chrono::_V2::system_clock, std::chrono::duration<long, std::ratio<1l, 1000000000l> > > const&, std::chrono::time_point<std::chrono::_V2::system_clock, std::chrono::duration<long, std::ratio<1l, 1000000000l> > > const&, std::chrono::time_point<std::chrono::_V2::system_clock, std::chrono::duration<long, std::ratio<1l, 1000000000l> > > const&, void const*)'
/usr/bin/ld: ../../../src/libemane/.libs/libemane.so: undefined reference to `emane_ota_transmitter_control_message_free_transmitters'
/usr/bin/ld: ../../../src/libemane/.libs/libemane.so: undefined reference to `emane_rs_controls_rx_antenna_add_add_frequency'
/usr/bin/ld: ../../../src/libemane/.libs/libemane.so: undefined reference to `EMANE::NEMLayerStateRunning::processEvent(EMANE::NEMStatefulLayer*, EMANE::NEMLayer*, unsigned short const&, std::__cxx11::basic_string<char, std::char_traits<char>, std::allocator<char> > const&)'
/usr/bin/ld: ../../../src/libemane/.libs/libemane.so: undefined reference to `emane_r2ri_neighbor_metric_control_message_get_metric'
/usr/bin/ld: ../../../src/libemane/.libs/libemane.so: undefined reference to `emane_rs_controls_r2ri_queue_metric_create'
/usr/bin/ld: ../../../src/libemane/.libs/libemane.so: undefined reference to `emane_c_receive_processor_add_antenna_receive_info'
/usr/bin/ld: ../../../src/libemane/.libs/libemane.so: undefined reference to `typeinfo for EMANE::NEMLayerStateUninitialized'
/usr/bin/ld: ../../../src/libemane/.libs/libemane.so: undefined reference to `emane_spectrum_filter_add_control_message_create'
/usr/bin/ld: ../../../src/libemane/.libs/libemane.so: undefined reference to `emane_c_fading_store_compute_with_model'
/usr/bin/ld: ../../../src/libemane/.libs/libemane.so: undefined reference to `emane_r2ri_neighbor_metric_control_message_create'
/usr/bin/ld: ../../../src/libemane/.libs/libemane.so: undefined reference to `emane_controls_serialized_clone'
/usr/bin/ld: ../../../src/libemane/.libs/libemane.so: undefined reference to `emane_rs_controls_spectrum_filter_data_clone'
/usr/bin/ld: ../../../src/libemane/.libs/libemane.so: undefined reference to `EMANE::NEMLayerStateConfigured::handleConfigure(EMANE::NEMStatefulLayer*, EMANE::NEMLayer*, std::vector<std::pair<std::__cxx11::basic_string<char, std::char_traits<char>, std::allocator<char> >, std::vector<EMANE::Any, std::allocator<EMANE::Any> > >, std::allocator<std::pair<std::__cxx11::basic_string<char, std::char_traits<char>, std::allocator<char> >, std::vector<EMANE::Any, std::allocator<EMANE::Any> > > > > const&)'
/usr/bin/ld: ../../../src/libemane/.libs/libemane.so: undefined reference to `emane_spectrum_filter_add_control_message_destroy'
/usr/bin/ld: ../../../src/libemane/.libs/libemane.so: undefined reference to `typeinfo for EMANE::NEMLayerStateRunning'
/usr/bin/ld: ../../../src/libemane/.libs/libemane.so: undefined reference to `emane_r2ri_neighbor_metric_control_message_add_metric'
/usr/bin/ld: ../../../src/libemane/.libs/libemane.so: undefined reference to `emane_rs_controls_rx_antenna_update_clone'
/usr/bin/ld: ../../../src/libemane/.libs/libemane.so: undefined reference to `EMANE::NEMLayerStateInitialized::~NEMLayerStateInitialized()'
/usr/bin/ld: ../../../src/libemane/.libs/libemane.so: undefined reference to `EMANE::NEMLayerStateRunning::processUpstreamPacket(EMANE::NEMStatefulLayer*, EMANE::NEMLayer*, EMANE::UpstreamPacket&, std::__cxx11::list<EMANE::ControlMessage const*, std::allocator<EMANE::ControlMessage const*> > const&)'
/usr/bin/ld: ../../../src/libemane/.libs/libemane.so: undefined reference to `EMANE::NEMLayerState::handlePostStart(EMANE::NEMStatefulLayer*, EMANE::NEMLayer*)'
/usr/bin/ld: ../../../src/libemane/.libs/libemane.so: undefined reference to `EMANE::NEMLayerStateRunning::processDownstreamControl(EMANE::NEMStatefulLayer*, EMANE::NEMLayer*, std::__cxx11::list<EMANE::ControlMessage const*, std::allocator<EMANE::ControlMessage const*> > const&)'
/usr/bin/ld: ../../../src/libemane/.libs/libemane.so: undefined reference to `EMANE::NEMLayerState::processUpstreamControl(EMANE::NEMStatefulLayer*, EMANE::NEMLayer*, std::__cxx11::list<EMANE::ControlMessage const*, std::allocator<EMANE::ControlMessage const*> > const&)'
/usr/bin/ld: ../../../src/libemane/.libs/libemane.so: undefined reference to `emane_rs_controls_rx_antenna_add_create'
/usr/bin/ld: ../../../src/libemane/.libs/libemane.so: undefined reference to `emane_c_receive_processor_add_doppler_shift'
/usr/bin/ld: ../../../src/libemane/.libs/libemane.so: undefined reference to `EMANE::NEMLayerState::handleDestroy(EMANE::NEMStatefulLayer*, EMANE::NEMLayer*)'
/usr/bin/ld: ../../../src/libemane/.libs/libemane.so: undefined reference to `emane_rs_controls_freq_add_segment'
/usr/bin/ld: ../../../src/libemane/.libs/libemane.so: undefined reference to `EMANE::NEMLayerStateConfigured::~NEMLayerStateConfigured()'
/usr/bin/ld: ../../../src/libemane/.libs/libemane.so: undefined reference to `EMANE::NEMLayerState::handleStop(EMANE::NEMStatefulLayer*, EMANE::NEMLayer*)'
/usr/bin/ld: ../../../src/libemane/.libs/libemane.so: undefined reference to `typeinfo for EMANE::NEMLayerStateConfigured'
/usr/bin/ld: ../../../src/libemane/.libs/libemane.so: undefined reference to `EMANE::NEMLayerStateRunning::~NEMLayerStateRunning()'
/usr/bin/ld: ../../../src/libemane/.libs/libemane.so: undefined reference to `emane_c_receive_processor_set_status'
/usr/bin/ld: ../../../src/libemane/.libs/libemane.so: undefined reference to `emane_c_receive_processor_set_mimo'
/usr/bin/ld: ../../../src/libemane/.libs/libemane.so: undefined reference to `EMANE::NEMLayerStateRunning::handlePostStart(EMANE::NEMStatefulLayer*, EMANE::NEMLayer*)'
/usr/bin/ld: ../../../src/libemane/.libs/libemane.so: undefined reference to `EMANE::NEMLayerStateStopped::handleDestroy(EMANE::NEMStatefulLayer*, EMANE::NEMLayer*)'
/usr/bin/ld: ../../../src/libemane/.libs/libemane.so: undefined reference to `emane_ota_transmitter_control_message_create'
/usr/bin/ld: ../../../src/libemane/.libs/libemane.so: undefined reference to `emane_rs_controls_transmitter_destroy'
/usr/bin/ld: ../../../src/libemane/.libs/libemane.so: undefined reference to `EMANE::NEMLayerState::handleConfigure(EMANE::NEMStatefulLayer*, EMANE::NEMLayer*, std::vector<std::pair<std::__cxx11::basic_string<char, std::char_traits<char>, std::allocator<char> >, std::vector<EMANE::Any, std::allocator<EMANE::Any> > >, std::allocator<std::pair<std::__cxx11::basic_string<char, std::char_traits<char>, std::allocator<char> >, std::vector<EMANE::Any, std::allocator<EMANE::Any> > > > > const&)'
/usr/bin/ld: ../../../src/libemane/.libs/libemane.so: undefined reference to `emane_c_receive_processor_add_observed_power'
/usr/bin/ld: ../../../src/libemane/.libs/libemane.so: undefined reference to `emane_rs_controls_r2ri_queue_metric_clone'
/usr/bin/ld: ../../../src/libemane/.libs/libemane.so: undefined reference to `emane_rs_controls_r2ri_self_metric_destroy'
/usr/bin/ld: ../../../src/libemane/.libs/libemane.so: undefined reference to `EMANE::NEMLayerState::processConfiguration(EMANE::NEMStatefulLayer*, EMANE::NEMLayer*, std::vector<std::pair<std::__cxx11::basic_string<char, std::char_traits<char>, std::allocator<char> >, std::vector<EMANE::Any, std::allocator<EMANE::Any> > >, std::allocator<std::pair<std::__cxx11::basic_string<char, std::char_traits<char>, std::allocator<char> >, std::vector<EMANE::Any, std::allocator<EMANE::Any> > > > > const&)'
/usr/bin/ld: ../../../src/libemane/.libs/libemane.so: undefined reference to `emane_spectrum_filter_add_control_message_get_antenna_index'
/usr/bin/ld: ../../../src/libemane/.libs/libemane.so: undefined reference to `emane_rs_controls_rx_antenna_add_clone'
/usr/bin/ld: ../../../src/libemane/.libs/libemane.so: undefined reference to `emane_rs_controls_spectrum_filter_data_create'
/usr/bin/ld: ../../../src/libemane/.libs/libemane.so: undefined reference to `EMANE::NEMLayerState::processUpstreamPacket(EMANE::NEMStatefulLayer*, EMANE::NEMLayer*, EMANE::UpstreamPacket&, std::__cxx11::list<EMANE::ControlMessage const*, std::allocator<EMANE::ControlMessage const*> > const&)'
/usr/bin/ld: ../../../src/libemane/.libs/libemane.so: undefined reference to `emane_spectrum_filter_add_control_message_get_frequency_hz'
/usr/bin/ld: ../../../src/libemane/.libs/libemane.so: undefined reference to `EMANE::NEMLayerStateStopped::~NEMLayerStateStopped()'
/usr/bin/ld: ../../../src/libemane/.libs/libemane.so: undefined reference to `EMANE::NEMLayerStateUninitialized::NEMLayerStateUninitialized()'
/usr/bin/ld: ../../../src/libemane/.libs/libemane.so: undefined reference to `EMANE::NEMLayerStateRunning::handleStop(EMANE::NEMStatefulLayer*, EMANE::NEMLayer*)'
/usr/bin/ld: ../../../src/libemane/.libs/libemane.so: undefined reference to `emane_rs_controls_foi_create'
/usr/bin/ld: ../../../src/libemane/.libs/libemane.so: undefined reference to `emane_rs_controls_r2ri_self_metric_create'
/usr/bin/ld: ../../../src/libemane/.libs/libemane.so: undefined reference to `emane_controls_serialized_destroy'
/usr/bin/ld: ../../../src/libemane/.libs/libemane.so: undefined reference to `emane_rs_controls_rx_antenna_update_set_antenna'
/usr/bin/ld: ../../../src/libemane/.libs/libemane.so: undefined reference to `EMANE::NEMLayerState::processDownstreamPacket(EMANE::NEMStatefulLayer*, EMANE::NEMLayer*, EMANE::DownstreamPacket&, std::__cxx11::list<EMANE::ControlMessage const*, std::allocator<EMANE::ControlMessage const*> > const&)'
/usr/bin/ld: ../../../src/libemane/.libs/libemane.so: undefined reference to `emane_controls_serialized_get_serialization_data'
/usr/bin/ld: ../../../src/libemane/.libs/libemane.so: undefined reference to `EMANE::NEMLayerStateDestroyed::~NEMLayerStateDestroyed()'
/usr/bin/ld: ../../../src/libemane/.libs/libemane.so: undefined reference to `typeinfo for EMANE::NEMLayerStateDestroyed'
/usr/bin/ld: ../../../src/libemane/.libs/libemane.so: undefined reference to `EMANE::NEMLayerStateRunning::processDownstreamPacket(EMANE::NEMStatefulLayer*, EMANE::NEMLayer*, EMANE::DownstreamPacket&, std::__cxx11::list<EMANE::ControlMessage const*, std::allocator<EMANE::ControlMessage const*> > const&)'
/usr/bin/ld: ../../../src/libemane/.libs/libemane.so: undefined reference to `emane_ota_transmitter_control_message_destroy'
/usr/bin/ld: ../../../src/libemane/.libs/libemane.so: undefined reference to `emane_r2ri_neighbor_metric_control_message_get_metric_count'
/usr/bin/ld: ../../../src/libemane/.libs/libemane.so: undefined reference to `emane_controls_serialized_get_id'
/usr/bin/ld: ../../../src/libemane/.libs/libemane.so: undefined reference to `emane_rs_controls_transmitter_create'
/usr/bin/ld: ../../../src/libemane/.libs/libemane.so: undefined reference to `emane_rs_controls_transmitter_add'
/usr/bin/ld: ../../../src/libemane/.libs/libemane.so: undefined reference to `EMANE::NEMLayerState::handleInitialize(EMANE::NEMStatefulLayer*, EMANE::NEMLayer*, EMANE::Registrar&)'
/usr/bin/ld: ../../../src/libemane/.libs/libemane.so: undefined reference to `EMANE::NEMLayerStateConfigured::handleStart(EMANE::NEMStatefulLayer*, EMANE::NEMLayer*)'
/usr/bin/ld: ../../../src/libemane/.libs/libemane.so: undefined reference to `EMANE::NEMLayerState::processDownstreamControl(EMANE::NEMStatefulLayer*, EMANE::NEMLayer*, std::__cxx11::list<EMANE::ControlMessage const*, std::allocator<EMANE::ControlMessage const*> > const&)'
/usr/bin/ld: ../../../src/libemane/.libs/libemane.so: undefined reference to `typeinfo for EMANE::NEMLayerStateStopped'
/usr/bin/ld: ../../../src/libemane/.libs/libemane.so: undefined reference to `emane_rs_controls_rx_antenna_update_create'
/usr/bin/ld: ../../../src/libemane/.libs/libemane.so: undefined reference to `emane_spectrum_filter_add_control_message_get_bandwidth_hz'
/usr/bin/ld: ../../../src/libemane/.libs/libemane.so: undefined reference to `emane_c_fading_infos_get'
/usr/bin/ld: ../../../src/libemane/.libs/libemane.so: undefined reference to `EMANE::NEMLayerStateStopped::NEMLayerStateStopped()'
/usr/bin/ld: ../../../src/libemane/.libs/libemane.so: undefined reference to `EMANE::NEMLayerStateInitialized::NEMLayerStateInitialized()'
/usr/bin/ld: ../../../src/libemane/.libs/libemane.so: undefined reference to `emane_rs_controls_r2ri_self_metric_clone'
/usr/bin/ld: ../../../src/libemane/.libs/libemane.so: undefined reference to `emane_rs_controls_foi_destroy'
/usr/bin/ld: ../../../src/libemane/.libs/libemane.so: undefined reference to `emane_rs_controls_rx_antenna_update_destroy'
/usr/bin/ld: ../../../src/libemane/.libs/libemane.so: undefined reference to `emane_rs_controls_rx_antenna_add_destroy'
/usr/bin/ld: ../../../src/libemane/.libs/libemane.so: undefined reference to `emane_rs_controls_freq_destroy'
/usr/bin/ld: ../../../src/libemane/.libs/libemane.so: undefined reference to `emane_r2ri_neighbor_metric_control_message_clone'
/usr/bin/ld: ../../../src/libemane/.libs/libemane.so: undefined reference to `emane_spectrum_filter_add_control_message_get_filter_match_criterion'
/usr/bin/ld: ../../../src/libemane/.libs/libemane.so: undefined reference to `EMANE::NEMLayerState::processEvent(EMANE::NEMStatefulLayer*, EMANE::NEMLayer*, unsigned short const&, std::__cxx11::basic_string<char, std::char_traits<char>, std::allocator<char> > const&)'
/usr/bin/ld: ../../../src/libemane/.libs/libemane.so: undefined reference to `emane_rs_controls_spectrum_filter_data_get_filter_data'
/usr/bin/ld: ../../../src/libemane/.libs/libemane.so: undefined reference to `emane_c_location_infos_get'
/usr/bin/ld: ../../../src/libemane/.libs/libemane.so: undefined reference to `EMANE::NEMLayerStateRunning::processConfiguration(EMANE::NEMStatefulLayer*, EMANE::NEMLayer*, std::vector<std::pair<std::__cxx11::basic_string<char, std::char_traits<char>, std::allocator<char> >, std::vector<EMANE::Any, std::allocator<EMANE::Any> > >, std::allocator<std::pair<std::__cxx11::basic_string<char, std::char_traits<char>, std::allocator<char> >, std::vector<EMANE::Any, std::allocator<EMANE::Any> > > > > const&)'
/usr/bin/ld: ../../../src/libemane/.libs/libemane.so: undefined reference to `emane_ota_transmitter_control_message_get_transmitters'
/usr/bin/ld: ../../../src/libemane/.libs/libemane.so: undefined reference to `EMANE::NEMLayerStateConfigured::NEMLayerStateConfigured()'
/usr/bin/ld: ../../../src/libemane/.libs/libemane.so: undefined reference to `emane_r2ri_neighbor_metric_control_message_destroy'
/usr/bin/ld: ../../../src/libemane/.libs/libemane.so: undefined reference to `EMANE::NEMLayerStateUninitialized::~NEMLayerStateUninitialized()'
/usr/bin/ld: ../../../src/libemane/.libs/libemane.so: undefined reference to `typeinfo for EMANE::NEMLayerStateInitialized'
/usr/bin/ld: ../../../src/libemane/.libs/libemane.so: undefined reference to `EMANE::NEMLayerStateRunning::processUpstreamControl(EMANE::NEMStatefulLayer*, EMANE::NEMLayer*, std::__cxx11::list<EMANE::ControlMessage const*, std::allocator<EMANE::ControlMessage const*> > const&)'
/usr/bin/ld: ../../../src/libemane/.libs/libemane.so: undefined reference to `emane_rs_controls_foi_clone'
/usr/bin/ld: ../../../src/libemane/.libs/libemane.so: undefined reference to `emane_rs_controls_r2ri_queue_metric_add_metric'
/usr/bin/ld: ../../../src/libemane/.libs/libemane.so: undefined reference to `EMANE::NEMLayerStateUninitialized::handleInitialize(EMANE::NEMStatefulLayer*, EMANE::NEMLayer*, EMANE::Registrar&)'
/usr/bin/ld: ../../../src/libemane/.libs/libemane.so: undefined reference to `emane_rs_controls_r2ri_queue_metric_destroy'
/usr/bin/ld: ../../../src/libemane/.libs/libemane.so: undefined reference to `emane_rs_controls_foi_add_frequency'
/usr/bin/ld: ../../../src/libemane/.libs/libemane.so: undefined reference to `emane_controls_serialized_get_serialization_length'
/usr/bin/ld: ../../../src/libemane/.libs/libemane.so: undefined reference to `emane_rs_controls_freq_create'
/usr/bin/ld: ../../../src/libemane/.libs/libemane.so: undefined reference to `emane_spectrum_filter_add_control_message_get_sub_band_bin_size_hz'
/usr/bin/ld: ../../../src/libemane/.libs/libemane.so: undefined reference to `EMANE::NEMLayerStateRunning::NEMLayerStateRunning()'
collect2: error: ld returned 1 exit status
make[3]: *** [Makefile:452: emane] Error 1
make[3]: Leaving directory '/home/joe/src/sleepybishop/emane/src/applications/emane'
make[2]: *** [Makefile:396: all-recursive] Error 1
make[2]: Leaving directory '/home/joe/src/sleepybishop/emane/src/applications'
make[1]: *** [Makefile:400: all-recursive] Error 1
make[1]: Leaving directory '/home/joe/src/sleepybishop/emane/src'
make: *** [Makefile:453: all-recursive] Error 1
